// Jest Snapshot v1, https://goo.gl/fbAQLP

exports[`renders correctly 1`] = `
<View
  style={
    Object {
      "alignItems": "center",
      "backgroundColor": "#f5f2f0",
      "flex": 1,
      "justifyContent": "center",
    }
  }
>
  <Image
    source={
      Object {
        "testUri": "../../../src/assets/images/logo.png",
      }
    }
    style={
      Object {
        "height": 256,
        "resizeMode": "contain",
        "width": 256,
      }
    }
  />
  <Text
    style={
      Object {
        "color": "#404040",
        "fontSize": 20,
        "margin": 10,
        "textAlign": "center",
      }
    }
  >
    Welcome to Trutoo Native for 
    ios
    !
  </Text>
  <Text
    style={
      Object {
        "color": "#666",
        "marginBottom": 5,
        "textAlign": "center",
      }
    }
  >
    To get started, edit 
    <Text
      style={
        Object {
          "backgroundColor": "#556371",
          "color": "#fbaa1f",
          "fontFamily": "monospace",
          "padding": 5,
        }
      }
    >
      src/App.tsx
    </Text>
  </Text>
  <Text
    style={
      Object {
        "color": "#666",
        "marginBottom": 5,
        "textAlign": "center",
      }
    }
  >
    Press Cmd+R to reload,
Cmd+D or shake for dev menu
  </Text>
</View>
`;
